(node:21960) ExperimentalWarning: Support for loading ES Module in require() is an experimental feature and might change at any time
(Use `node --trace-warnings ...` to show where the warning was created)
.next/dev/types/validator.ts(51,39): error TS2307: Cannot find module '../../../app/test/page.js' or its corresponding type declarations.
